{"status":"success","description":"Data successfully received.","data":{"geo":{"host":"1.65.165.195","ip":"1.65.165.195","rdns":"1-65-165-195.static.netvigator.com","asn":4760,"isp":"HKT Limited","country_name":"Hong Kong","country_code":"HK","region_name":"Central and Western District","region_code":"HCW","city":"Central","postal_code":null,"continent_name":"Asia","continent_code":"AS","latitude":22.2909,"longitude":114.15,"metro_code":null,"timezone":"Asia\/Hong_Kong","datetime":"2020-05-01 07:41:49"}}}
{"status":"success","description":"Data successfully received.","data":{"geo":{"host":"122.51.243.78","ip":"122.51.243.78","rdns":"122.51.243.78","asn":45090,"isp":"Shenzhen Tencent Computer Systems Company Limited","country_name":"China","country_code":"CN","region_name":null,"region_code":null,"city":null,"postal_code":null,"continent_name":"Asia","continent_code":"AS","latitude":34.7725,"longitude":113.7266,"metro_code":null,"timezone":"Asia\/Shanghai","datetime":"2020-05-01 07:41:52"}}}
{"status":"success","description":"Data successfully received.","data":{"geo":{"host":"106.13.150.84","ip":"106.13.150.84","rdns":"106.13.150.84","asn":38365,"isp":"Beijing Baidu Netcom Science and Technology Co., Ltd.","country_name":"China","country_code":"CN","region_name":null,"region_code":null,"city":null,"postal_code":null,"continent_name":"Asia","continent_code":"AS","latitude":34.7725,"longitude":113.7266,"metro_code":null,"timezone":"Asia\/Shanghai","datetime":"2020-05-01 07:41:56"}}}
{"status":"success","description":"Data successfully received.","data":{"geo":{"host":"104.248.209.204","ip":"104.248.209.204","rdns":"104.248.209.204","asn":14061,"isp":"DIGITALOCEAN-ASN","country_name":"United States","country_code":"US","region_name":"California","region_code":"CA","city":"Santa Clara","postal_code":"95052","continent_name":"North America","continent_code":"NA","latitude":37.3531,"longitude":-121.9545,"metro_code":807,"timezone":"America\/Los_Angeles","datetime":"2020-04-30 16:42:00"}}}
{"status":"success","description":"Data successfully received.","data":{"geo":{"host":"106.12.160.220","ip":"106.12.160.220","rdns":"106.12.160.220","asn":38365,"isp":"Beijing Baidu Netcom Science and Technology Co., Ltd.","country_name":"China","country_code":"CN","region_name":null,"region_code":null,"city":null,"postal_code":null,"continent_name":"Asia","continent_code":"AS","latitude":34.7725,"longitude":113.7266,"metro_code":null,"timezone":"Asia\/Shanghai","datetime":"2020-05-01 07:42:03"}}}
{"status":"success","description":"Data successfully received.","data":{"geo":{"host":"42.2.132.131","ip":"42.2.132.131","rdns":"42-2-132-131.static.netvigator.com","asn":4760,"isp":"HKT Limited","country_name":"Hong Kong","country_code":"HK","region_name":"Central and Western District","region_code":"HCW","city":"Central","postal_code":null,"continent_name":"Asia","continent_code":"AS","latitude":22.2909,"longitude":114.15,"metro_code":null,"timezone":"Asia\/Hong_Kong","datetime":"2020-05-01 07:42:07"}}}
{"status":"success","description":"Data successfully received.","data":{"geo":{"host":"148.70.154.10","ip":"148.70.154.10","rdns":"148.70.154.10","asn":45090,"isp":"Shenzhen Tencent Computer Systems Company Limited","country_name":"China","country_code":"CN","region_name":null,"region_code":null,"city":null,"postal_code":null,"continent_name":"Asia","continent_code":"AS","latitude":34.7725,"longitude":113.7266,"metro_code":null,"timezone":"Asia\/Shanghai","datetime":"2020-05-01 07:42:11"}}}
{"status":"success","description":"Data successfully received.","data":{"geo":{"host":"47.241.28.63","ip":"47.241.28.63","rdns":"47.241.28.63","asn":45102,"isp":"Alibaba (US) Technology Co., Ltd.","country_name":"United States","country_code":"US","region_name":null,"region_code":null,"city":null,"postal_code":null,"continent_name":"North America","continent_code":"NA","latitude":37.751,"longitude":-97.822,"metro_code":null,"timezone":"America\/Chicago","datetime":"2020-04-30 18:42:14"}}}
{"status":"success","description":"Data successfully received.","data":{"geo":{"host":"137.220.131.210","ip":"137.220.131.210","rdns":"137.220.131.210","asn":64050,"isp":"BGPNET Global ASN","country_name":"Japan","country_code":"JP","region_name":"Tokyo","region_code":"13","city":"Tokyo","postal_code":"102-0082","continent_name":"Asia","continent_code":"AS","latitude":35.6882,"longitude":139.7532,"metro_code":null,"timezone":"Asia\/Tokyo","datetime":"2020-05-01 08:42:18"}}}
{"status":"success","description":"Data successfully received.","data":{"geo":{"host":"96.19.85.39","ip":"96.19.85.39","rdns":"96-19-96-19-85-39.cpe.sparklight.net","asn":11492,"isp":"CABLEONE","country_name":"United States","country_code":"US","region_name":"Idaho","region_code":"ID","city":"Idaho Falls","postal_code":"83406","continent_name":"North America","continent_code":"NA","latitude":43.4732,"longitude":-111.9661,"metro_code":758,"timezone":"America\/Boise","datetime":"2020-04-30 17:42:21"}}}
